../Core/Src/esp.c:28:12:esp_at_command	24	static
../Core/Src/esp.c:57:12:esp_reset	16	static
../Core/Src/esp.c:67:12:esp_get_ip_addr	32	static
../Core/Src/esp.c:114:12:request_ip_addr	32	static
../Core/Src/esp.c:151:5:esp_client_conn	80	static
../Core/Src/esp.c:162:5:drv_esp_init	8	static
../Core/Src/esp.c:180:6:reset_func	8	static
../Core/Src/esp.c:189:6:version_func	16	static
../Core/Src/esp.c:202:6:ap_conn_func	88	static
../Core/Src/esp.c:223:6:ip_state_func	16	static
../Core/Src/esp.c:238:5:drv_esp_test_command	160	static
../Core/Src/esp.c:340:6:HAL_UART_RxCpltCallback	16	static
../Core/Src/esp.c:372:6:AiotClient_Init	8	static
../Core/Src/esp.c:384:6:esp_send_data	88	static
../Core/Src/esp.c:396:5:drv_uart_init	8	static
../Core/Src/esp.c:413:5:drv_uart_tx_buffer	16	static
../Core/Src/esp.c:420:5:__io_putchar	16	static
